Rotated text discovered. Output will be incomplete.
Rotated text discovered. Output will be incomplete.
Rotated text discovered. Output will be incomplete.
Rotated text discovered. Output will be incomplete.
Rotated text discovered. Output will be incomplete.
Rotated text discovered. Output will be incomplete.
Rotated text discovered. Output will be incomplete.
Rotated text discovered. Output will be incomplete.
Rotated text discovered. Output will be incomplete.
Rotated text discovered. Output will be incomplete.
Rotated text discovered. Output will be incomplete.
Rotated text discovered. Output will be incomplete.
Rotated text discovered. Output will be incomplete.
Rotated text discovered. Output will be incomplete.
Rotated text discovered. Output will be incomplete.
Rotated text discovered. Output will be incomplete.
Rotated text discovered. Output will be incomplete.
Rotated text discovered. Output will be incomplete.
Rotated text discovered. Output will be incomplete.
Rotated text discovered. Output will be incomplete.
Rotated text discovered. Output will be incomplete.
Rotated text discovered. Output will be incomplete.
Rotated text discovered. Output will be incomplete.
Rotated text discovered. Output will be incomplete.
Rotated text discovered. Output will be incomplete.
Rotated text discovered. Output will be incomplete.
Rotated text discovered. Output will be incomplete.
Rotated text discovered. Output will be incomplete.
Rotated text discovered. Output will be incomplete.
Rotated text discovered. Output will be incomplete.
Rotated text discovered. Output will be incomplete.
Rotated text discovered. Output will be incomplete.
Rotated text discovered. Output will be incomplete.
Rotated text discovered. Output will be incomplete.
Rotated text discovered. Output will be incomplete.
Rotated text discovered. Output will be incomplete.
Rotated text discovered. Output will be incomplete.
Rotated text discovered. Output will be incomplete.
Rotated text discovered. Output will be incomplete.
Rotated text discovered. Output will be incomplete.
Rotated text discovered. Output will be incomplete.
Rotated text discovered. Output will be incomplete.
Rotated text discovered. Output will be incomplete.
Rotated text discovered. Output will be incomplete.
Rotated text discovered. Output will be incomplete.
Rotated text discovered. Output will be incomplete.
Rotated text discovered. Output will be incomplete.
Rotated text discovered. Output will be incomplete.
Rotated text discovered. Output will be incomplete.
Multiple definitions in dictionary at byte 0x79a7 for key /MarkInfo
Multiple definitions in dictionary at byte 0x5b3d for key /MarkInfo
Multiple definitions in dictionary at byte 0x5e90 for key /MarkInfo
Multiple definitions in dictionary at byte 0x5b3b for key /MarkInfo
Multiple definitions in dictionary at byte 0x5fe1 for key /MarkInfo
Multiple definitions in dictionary at byte 0x5b9a for key /MarkInfo
Multiple definitions in dictionary at byte 0x6cc1 for key /MarkInfo
Multiple definitions in dictionary at byte 0x6fd4 for key /MarkInfo
Multiple definitions in dictionary at byte 0x700f for key /MarkInfo
Multiple definitions in dictionary at byte 0x7c01 for key /MarkInfo
Multiple definitions in dictionary at byte 0x729b for key /MarkInfo
Rotated text discovered. Output will be incomplete.
Rotated text discovered. Output will be incomplete.
Rotated text discovered. Output will be incomplete.
Rotated text discovered. Output will be incomplete.
Rotated text discovered. Output will be incomplete.
Rotated text discovered. Output will be incomplete.
Rotated text discovered. Output will be incomplete.
Rotated text discovered. Output will be incomplete.
Rotated text discovered. Output will be incomplete.
Rotated text discovered. Output will be incomplete.
Rotated text discovered. Output will be incomplete.
Rotated text discovered. Output will be incomplete.
Rotated text discovered. Output will be incomplete.
Rotated text discovered. Output will be incomplete.
Rotated text discovered. Output will be incomplete.
Rotated text discovered. Output will be incomplete.
Rotated text discovered. Output will be incomplete.
Rotated text discovered. Output will be incomplete.
Rotated text discovered. Output will be incomplete.
Rotated text discovered. Output will be incomplete.
Rotated text discovered. Output will be incomplete.
Rotated text discovered. Output will be incomplete.
Rotated text discovered. Output will be incomplete.
Rotated text discovered. Output will be incomplete.
Rotated text discovered. Output will be incomplete.
Rotated text discovered. Output will be incomplete.
Rotated text discovered. Output will be incomplete.
Rotated text discovered. Output will be incomplete.
Rotated text discovered. Output will be incomplete.
Rotated text discovered. Output will be incomplete.
Rotated text discovered. Output will be incomplete.
Rotated text discovered. Output will be incomplete.
Rotated text discovered. Output will be incomplete.
Rotated text discovered. Output will be incomplete.
Rotated text discovered. Output will be incomplete.
Rotated text discovered. Output will be incomplete.
Rotated text discovered. Output will be incomplete.
Rotated text discovered. Output will be incomplete.
Rotated text discovered. Output will be incomplete.
Rotated text discovered. Output will be incomplete.
Rotated text discovered. Output will be incomplete.
Rotated text discovered. Output will be incomplete.
Rotated text discovered. Output will be incomplete.
Rotated text discovered. Output will be incomplete.
Rotated text discovered. Output will be incomplete.
Rotated text discovered. Output will be incomplete.
Rotated text discovered. Output will be incomplete.
Rotated text discovered. Output will be incomplete.
Rotated text discovered. Output will be incomplete.
Rotated text discovered. Output will be incomplete.
Rotated text discovered. Output will be incomplete.
Rotated text discovered. Output will be incomplete.
Rotated text discovered. Output will be incomplete.
Rotated text discovered. Output will be incomplete.
Rotated text discovered. Output will be incomplete.
Rotated text discovered. Output will be incomplete.
Rotated text discovered. Output will be incomplete.
Rotated text discovered. Output will be incomplete.
Rotated text discovered. Output will be incomplete.
Rotated text discovered. Output will be incomplete.
Rotated text discovered. Output will be incomplete.
Rotated text discovered. Output will be incomplete.
Rotated text discovered. Output will be incomplete.
Rotated text discovered. Output will be incomplete.
Rotated text discovered. Output will be incomplete.
Rotated text discovered. Output will be incomplete.
Rotated text discovered. Output will be incomplete.
Rotated text discovered. Output will be incomplete.
Rotated text discovered. Output will be incomplete.
Rotated text discovered. Output will be incomplete.
Rotated text discovered. Output will be incomplete.
Rotated text discovered. Output will be incomplete.
Rotated text discovered. Output will be incomplete.
Rotated text discovered. Output will be incomplete.
Rotated text discovered. Output will be incomplete.
Rotated text discovered. Output will be incomplete.
Rotated text discovered. Output will be incomplete.
Rotated text discovered. Output will be incomplete.
Rotated text discovered. Output will be incomplete.
Rotated text discovered. Output will be incomplete.
Rotated text discovered. Output will be incomplete.
Rotated text discovered. Output will be incomplete.
Rotated text discovered. Output will be incomplete.
Rotated text discovered. Output will be incomplete.
Rotated text discovered. Output will be incomplete.
Rotated text discovered. Output will be incomplete.
Rotated text discovered. Output will be incomplete.
Rotated text discovered. Output will be incomplete.
Rotated text discovered. Output will be incomplete.
Rotated text discovered. Output will be incomplete.
Rotated text discovered. Output will be incomplete.
Rotated text discovered. Output will be incomplete.
Rotated text discovered. Output will be incomplete.
Rotated text discovered. Output will be incomplete.
Rotated text discovered. Output will be incomplete.
Rotated text discovered. Output will be incomplete.
Rotated text discovered. Output will be incomplete.
Rotated text discovered. Output will be incomplete.
Rotated text discovered. Output will be incomplete.
Rotated text discovered. Output will be incomplete.
Rotated text discovered. Output will be incomplete.
Rotated text discovered. Output will be incomplete.
Rotated text discovered. Output will be incomplete.
Rotated text discovered. Output will be incomplete.
Rotated text discovered. Output will be incomplete.
Rotated text discovered. Output will be incomplete.
Rotated text discovered. Output will be incomplete.
Rotated text discovered. Output will be incomplete.
Rotated text discovered. Output will be incomplete.
Rotated text discovered. Output will be incomplete.
Rotated text discovered. Output will be incomplete.
Rotated text discovered. Output will be incomplete.
Rotated text discovered. Output will be incomplete.
Rotated text discovered. Output will be incomplete.
Rotated text discovered. Output will be incomplete.
Rotated text discovered. Output will be incomplete.
Rotated text discovered. Output will be incomplete.
Rotated text discovered. Output will be incomplete.
Rotated text discovered. Output will be incomplete.
Rotated text discovered. Output will be incomplete.
Rotated text discovered. Output will be incomplete.
Rotated text discovered. Output will be incomplete.
Rotated text discovered. Output will be incomplete.
Rotated text discovered. Output will be incomplete.
Rotated text discovered. Output will be incomplete.
Rotated text discovered. Output will be incomplete.
Rotated text discovered. Output will be incomplete.
Rotated text discovered. Output will be incomplete.
Rotated text discovered. Output will be incomplete.
Rotated text discovered. Output will be incomplete.
Rotated text discovered. Output will be incomplete.
Rotated text discovered. Output will be incomplete.
Rotated text discovered. Output will be incomplete.
Rotated text discovered. Output will be incomplete.
Rotated text discovered. Output will be incomplete.
Rotated text discovered. Output will be incomplete.
Rotated text discovered. Output will be incomplete.
Rotated text discovered. Output will be incomplete.
Rotated text discovered. Output will be incomplete.
Rotated text discovered. Output will be incomplete.
Rotated text discovered. Output will be incomplete.
Rotated text discovered. Output will be incomplete.
Rotated text discovered. Output will be incomplete.
Rotated text discovered. Output will be incomplete.
Rotated text discovered. Output will be incomplete.
Rotated text discovered. Output will be incomplete.
Rotated text discovered. Output will be incomplete.
Rotated text discovered. Output will be incomplete.
Rotated text discovered. Output will be incomplete.
Rotated text discovered. Output will be incomplete.
Rotated text discovered. Output will be incomplete.
Rotated text discovered. Output will be incomplete.
Rotated text discovered. Output will be incomplete.
Rotated text discovered. Output will be incomplete.
Rotated text discovered. Output will be incomplete.
Rotated text discovered. Output will be incomplete.
Rotated text discovered. Output will be incomplete.
Rotated text discovered. Output will be incomplete.
Rotated text discovered. Output will be incomplete.
Rotated text discovered. Output will be incomplete.
Rotated text discovered. Output will be incomplete.
Rotated text discovered. Output will be incomplete.
Rotated text discovered. Output will be incomplete.
Rotated text discovered. Output will be incomplete.
Rotated text discovered. Output will be incomplete.
Rotated text discovered. Output will be incomplete.
Multiple definitions in dictionary at byte 0xad53 for key /MarkInfo
Multiple definitions in dictionary at byte 0xa15e for key /MarkInfo
Multiple definitions in dictionary at byte 0x925a for key /MarkInfo
Rotated text discovered. Output will be incomplete.
Rotated text discovered. Output will be incomplete.
Rotated text discovered. Output will be incomplete.
Rotated text discovered. Output will be incomplete.
Rotated text discovered. Output will be incomplete.
Rotated text discovered. Output will be incomplete.
Rotated text discovered. Output will be incomplete.
Rotated text discovered. Output will be incomplete.
Rotated text discovered. Output will be incomplete.
Multiple definitions in dictionary at byte 0x4b52 for key /MarkInfo
Multiple definitions in dictionary at byte 0x8a95 for key /MarkInfo
Multiple definitions in dictionary at byte 0x68ec for key /MarkInfo
Multiple definitions in dictionary at byte 0x7dfe for key /MarkInfo
Multiple definitions in dictionary at byte 0x9123 for key /MarkInfo
Multiple definitions in dictionary at byte 0x52e0 for key /MarkInfo
Multiple definitions in dictionary at byte 0x4a1d for key /MarkInfo
Multiple definitions in dictionary at byte 0x514e for key /MarkInfo
Multiple definitions in dictionary at byte 0x800e for key /MarkInfo
Multiple definitions in dictionary at byte 0xbb1f for key /MarkInfo
Multiple definitions in dictionary at byte 0xccbd for key /MarkInfo
Multiple definitions in dictionary at byte 0x1c9ae for key /MarkInfo
Multiple definitions in dictionary at byte 0x6298 for key /MarkInfo
Multiple definitions in dictionary at byte 0x1df6e for key /MarkInfo
Multiple definitions in dictionary at byte 0x1b593 for key /MarkInfo
Multiple definitions in dictionary at byte 0x8288 for key /MarkInfo
Multiple definitions in dictionary at byte 0x459e for key /MarkInfo
Multiple definitions in dictionary at byte 0xa6f8 for key /MarkInfo
Multiple definitions in dictionary at byte 0x6383 for key /MarkInfo
Multiple definitions in dictionary at byte 0x8ec4 for key /MarkInfo
Multiple definitions in dictionary at byte 0x7acb for key /MarkInfo
Multiple definitions in dictionary at byte 0xa11a for key /MarkInfo
Multiple definitions in dictionary at byte 0x9645 for key /MarkInfo
Multiple definitions in dictionary at byte 0x14892 for key /MarkInfo
Multiple definitions in dictionary at byte 0x9187 for key /MarkInfo
Rotated text discovered. Output will be incomplete.
Rotated text discovered. Output will be incomplete.
Rotated text discovered. Output will be incomplete.
Rotated text discovered. Output will be incomplete.
Rotated text discovered. Output will be incomplete.
Rotated text discovered. Output will be incomplete.
Rotated text discovered. Output will be incomplete.
Rotated text discovered. Output will be incomplete.
Rotated text discovered. Output will be incomplete.
Rotated text discovered. Output will be incomplete.
Rotated text discovered. Output will be incomplete.
Rotated text discovered. Output will be incomplete.
Rotated text discovered. Output will be incomplete.
Rotated text discovered. Output will be incomplete.
Rotated text discovered. Output will be incomplete.
Rotated text discovered. Output will be incomplete.
Rotated text discovered. Output will be incomplete.
Rotated text discovered. Output will be incomplete.
Rotated text discovered. Output will be incomplete.
Rotated text discovered. Output will be incomplete.
Rotated text discovered. Output will be incomplete.
Rotated text discovered. Output will be incomplete.
Rotated text discovered. Output will be incomplete.
Rotated text discovered. Output will be incomplete.
Rotated text discovered. Output will be incomplete.
Rotated text discovered. Output will be incomplete.
Rotated text discovered. Output will be incomplete.
Rotated text discovered. Output will be incomplete.
Rotated text discovered. Output will be incomplete.
Rotated text discovered. Output will be incomplete.
Rotated text discovered. Output will be incomplete.
Rotated text discovered. Output will be incomplete.
Rotated text discovered. Output will be incomplete.
Rotated text discovered. Output will be incomplete.
Rotated text discovered. Output will be incomplete.
Rotated text discovered. Output will be incomplete.
Rotated text discovered. Output will be incomplete.
Rotated text discovered. Output will be incomplete.
Rotated text discovered. Output will be incomplete.
Rotated text discovered. Output will be incomplete.
Rotated text discovered. Output will be incomplete.
Rotated text discovered. Output will be incomplete.
Rotated text discovered. Output will be incomplete.
Rotated text discovered. Output will be incomplete.
Rotated text discovered. Output will be incomplete.
Rotated text discovered. Output will be incomplete.
Rotated text discovered. Output will be incomplete.
Rotated text discovered. Output will be incomplete.
Multiple definitions in dictionary at byte 0xac5f for key /MarkInfo
Multiple definitions in dictionary at byte 0x9da3 for key /MarkInfo
Multiple definitions in dictionary at byte 0x4982 for key /MarkInfo
Multiple definitions in dictionary at byte 0x680f for key /MarkInfo
Multiple definitions in dictionary at byte 0x92a1 for key /MarkInfo
Multiple definitions in dictionary at byte 0x7b00 for key /MarkInfo
Multiple definitions in dictionary at byte 0x46cb for key /MarkInfo
Multiple definitions in dictionary at byte 0x644f for key /MarkInfo
Multiple definitions in dictionary at byte 0x5f1f for key /MarkInfo
{
  "artifacts": 322,
  "unique_hashes": 291,
  "duplicate_paths": 31,
  "pdf": 246,
  "html": 76,
  "unique_pdf_pages": 1437,
  "parsed": 291,
  "unreadable": 0,
  "empty": 0,
  "runtime_source_records": 356,
  "unresolved_source_records": 7,
  "integrity_failures": 0
}
unresolved [('fremtindReiseTerms', 'canonical/reise-vilkar-p10.pdf'), ('fremtindReiseIpid', 'canonical/reise-ipid-p10p.pdf'), ('fremtindReiseUnifiedTerms', 'canonical/fremtind-reise-vilkar.pdf'), ('fremtindReiseUnifiedIpid', 'canonical/fremtind-reise-ipid.pdf'), ('fremtindReiseFaq', 'canonical/eika-reise-faq.html'), ('fremtindReiseProvider', 'canonical/eika-fremtind-provider.html'), ('fremtindReiseClaims', 'canonical/reise-skadeoppgjor.html')]
manifest issues []
